Information: Propagating switching activity (medium effort zero delay simulation). (PWR-6)
Warning: There is no defined clock in the design. (PWR-80)
 
****************************************
Report : power
        -analysis_effort medium
Design : KMap_V3_Final_SchemeD
Version: V-2023.12-SP3
Date   : Thu Apr  2 22:56:23 2026
****************************************


Library(s) Used:

    NangateOpenCellLibrary (File: /home/qq/EDA/libraries/nangate45/NangateOpenCellLibrary_typical.db)


Operating Conditions: typical   Library: NangateOpenCellLibrary
Wire Load Model Mode: top

Design        Wire Load Model            Library
------------------------------------------------
KMap_V3_Final_SchemeD  5K_hvratio_1_1    NangateOpenCellLibrary


Global Operating Voltage = 1.1  
Power-specific unit information :
    Voltage Units = 1V
    Capacitance Units = 1.000000ff
    Time Units = 1ns
    Dynamic Power Units = 1uW    (derived from V,C,T units)
    Leakage Power Units = 1nW


Attributes
----------
i - Including register clock pin internal power


  Cell Internal Power  = 121.0114 uW   (56%)
  Net Switching Power  =  94.3849 uW   (44%)
                         ---------
Total Dynamic Power    = 215.3963 uW  (100%)

Cell Leakage Power     =   4.2115 uW

Information: report_power power group summary does not include estimated clock tree power. (PWR-789)

                 Internal         Switching           Leakage            Total
Power Group      Power            Power               Power              Power   (   %    )  Attrs
--------------------------------------------------------------------------------------------------
io_pad             0.0000            0.0000            0.0000            0.0000  (   0.00%)
memory             0.0000            0.0000            0.0000            0.0000  (   0.00%)
black_box          0.0000            0.0000            0.0000            0.0000  (   0.00%)
clock_network      0.0000            0.0000            0.0000            0.0000  (   0.00%)  i
register           0.0000            0.0000            0.0000            0.0000  (   0.00%)
sequential         0.0000            0.0000            0.0000            0.0000  (   0.00%)
combinational    121.0114           94.3849        4.2115e+03          219.6079  ( 100.00%)
--------------------------------------------------------------------------------------------------
Total            121.0114 uW        94.3849 uW     4.2115e+03 nW       219.6079 uW
1
