Information: Propagating switching activity (medium effort zero delay simulation). (PWR-6)
Warning: There is no defined clock in the design. (PWR-80)
 
****************************************
Report : power
        -analysis_effort medium
Design : StructuralExactBooth8
Version: V-2023.12-SP3
Date   : Thu Apr  2 22:56:21 2026
****************************************


Library(s) Used:

    NangateOpenCellLibrary (File: /home/qq/EDA/libraries/nangate45/NangateOpenCellLibrary_typical.db)


Operating Conditions: typical   Library: NangateOpenCellLibrary
Wire Load Model Mode: top

Design        Wire Load Model            Library
------------------------------------------------
StructuralExactBooth8  5K_hvratio_1_1    NangateOpenCellLibrary


Global Operating Voltage = 1.1  
Power-specific unit information :
    Voltage Units = 1V
    Capacitance Units = 1.000000ff
    Time Units = 1ns
    Dynamic Power Units = 1uW    (derived from V,C,T units)
    Leakage Power Units = 1nW


Attributes
----------
i - Including register clock pin internal power


  Cell Internal Power  = 178.1700 uW   (52%)
  Net Switching Power  = 165.9156 uW   (48%)
                         ---------
Total Dynamic Power    = 344.0856 uW  (100%)

Cell Leakage Power     =   6.2796 uW

Information: report_power power group summary does not include estimated clock tree power. (PWR-789)

                 Internal         Switching           Leakage            Total
Power Group      Power            Power               Power              Power   (   %    )  Attrs
--------------------------------------------------------------------------------------------------
io_pad             0.0000            0.0000            0.0000            0.0000  (   0.00%)
memory             0.0000            0.0000            0.0000            0.0000  (   0.00%)
black_box          0.0000            0.0000            0.0000            0.0000  (   0.00%)
clock_network      0.0000            0.0000            0.0000            0.0000  (   0.00%)  i
register           0.0000            0.0000            0.0000            0.0000  (   0.00%)
sequential         0.0000            0.0000            0.0000            0.0000  (   0.00%)
combinational    178.1700          165.9156        6.2796e+03          350.3653  ( 100.00%)
--------------------------------------------------------------------------------------------------
Total            178.1700 uW       165.9156 uW     6.2796e+03 nW       350.3653 uW
1
