 
****************************************
Report : power
        -analysis_effort low
Design : KMap_V3_Exp1_BaseNoZG
Version: O-2018.06-SP1
Date   : Sun Mar  8 13:42:24 2026
****************************************


Library(s) Used:

    NangateOpenCellLibrary (File: /home/ICer/approx_project/R4ABM2/nangate45/lib/NangateOpenCellLibrary_typical.db)


Operating Conditions: typical   Library: NangateOpenCellLibrary
Wire Load Model Mode: top

Design        Wire Load Model            Library
------------------------------------------------
KMap_V3_Exp1_BaseNoZG  5K_hvratio_1_1    NangateOpenCellLibrary


Global Operating Voltage = 1.1  
Power-specific unit information :
    Voltage Units = 1V
    Capacitance Units = 1.000000ff
    Time Units = 1ns
    Dynamic Power Units = 1uW    (derived from V,C,T units)
    Leakage Power Units = 1nW


  Cell Internal Power  =  55.9989 uW   (55%)
  Net Switching Power  =  46.0375 uW   (45%)
                         ---------
Total Dynamic Power    = 102.0364 uW  (100%)

Cell Leakage Power     =   3.8793 uW

Information: report_power power group summary does not include estimated clock tree power. (PWR-789)

                 Internal         Switching           Leakage            Total
Power Group      Power            Power               Power              Power   (   %    )  Attrs
--------------------------------------------------------------------------------------------------
io_pad             0.0000            0.0000            0.0000            0.0000  (   0.00%)
memory             0.0000            0.0000            0.0000            0.0000  (   0.00%)
black_box          0.0000            0.0000            0.0000            0.0000  (   0.00%)
clock_network      0.0000            0.0000            0.0000            0.0000  (   0.00%)
register           0.0000            0.0000            0.0000            0.0000  (   0.00%)
sequential         0.0000            0.0000            0.0000            0.0000  (   0.00%)
combinational     55.9989           46.0375        3.8793e+03          105.9157  ( 100.00%)
--------------------------------------------------------------------------------------------------
Total             55.9989 uW        46.0375 uW     3.8793e+03 nW       105.9157 uW
1
