 
****************************************
Report : power
        -analysis_effort low
Design : KMap_V3_Exp2_EmbeddedSchemeD
Version: O-2018.06-SP1
Date   : Sun Mar  8 13:42:29 2026
****************************************


Library(s) Used:

    NangateOpenCellLibrary (File: /home/ICer/approx_project/R4ABM2/nangate45/lib/NangateOpenCellLibrary_typical.db)


Operating Conditions: typical   Library: NangateOpenCellLibrary
Wire Load Model Mode: top

Design        Wire Load Model            Library
------------------------------------------------
KMap_V3_Exp2_EmbeddedSchemeD
                       5K_hvratio_1_1    NangateOpenCellLibrary


Global Operating Voltage = 1.1  
Power-specific unit information :
    Voltage Units = 1V
    Capacitance Units = 1.000000ff
    Time Units = 1ns
    Dynamic Power Units = 1uW    (derived from V,C,T units)
    Leakage Power Units = 1nW


  Cell Internal Power  =  58.8469 uW   (54%)
  Net Switching Power  =  49.8057 uW   (46%)
                         ---------
Total Dynamic Power    = 108.6526 uW  (100%)

Cell Leakage Power     =   4.2070 uW

Information: report_power power group summary does not include estimated clock tree power. (PWR-789)

                 Internal         Switching           Leakage            Total
Power Group      Power            Power               Power              Power   (   %    )  Attrs
--------------------------------------------------------------------------------------------------
io_pad             0.0000            0.0000            0.0000            0.0000  (   0.00%)
memory             0.0000            0.0000            0.0000            0.0000  (   0.00%)
black_box          0.0000            0.0000            0.0000            0.0000  (   0.00%)
clock_network      0.0000            0.0000            0.0000            0.0000  (   0.00%)
register           0.0000            0.0000            0.0000            0.0000  (   0.00%)
sequential         0.0000            0.0000            0.0000            0.0000  (   0.00%)
combinational     58.8469           49.8057        4.2070e+03          112.8597  ( 100.00%)
--------------------------------------------------------------------------------------------------
Total             58.8469 uW        49.8057 uW     4.2070e+03 nW       112.8597 uW
1
