 
****************************************
Report : power
        -analysis_effort low
Design : KMap_V3_Final_SchemeD
Version: O-2018.06-SP1
Date   : Sat Mar  7 11:29:22 2026
****************************************


Library(s) Used:

    NangateOpenCellLibrary (File: /home/ICer/approx_project/R4ABM2/nangate45/lib/NangateOpenCellLibrary_typical.db)


Operating Conditions: typical   Library: NangateOpenCellLibrary
Wire Load Model Mode: top

Design        Wire Load Model            Library
------------------------------------------------
KMap_V3_Final_SchemeD  5K_hvratio_1_1    NangateOpenCellLibrary


Global Operating Voltage = 1.1  
Power-specific unit information :
    Voltage Units = 1V
    Capacitance Units = 1.000000ff
    Time Units = 1ns
    Dynamic Power Units = 1uW    (derived from V,C,T units)
    Leakage Power Units = 1nW


  Cell Internal Power  =  58.9757 uW   (55%)
  Net Switching Power  =  48.9095 uW   (45%)
                         ---------
Total Dynamic Power    = 107.8852 uW  (100%)

Cell Leakage Power     =   4.2134 uW

Information: report_power power group summary does not include estimated clock tree power. (PWR-789)

                 Internal         Switching           Leakage            Total
Power Group      Power            Power               Power              Power   (   %    )  Attrs
--------------------------------------------------------------------------------------------------
io_pad             0.0000            0.0000            0.0000            0.0000  (   0.00%)
memory             0.0000            0.0000            0.0000            0.0000  (   0.00%)
black_box          0.0000            0.0000            0.0000            0.0000  (   0.00%)
clock_network      0.0000            0.0000            0.0000            0.0000  (   0.00%)
register           0.0000            0.0000            0.0000            0.0000  (   0.00%)
sequential         0.0000            0.0000            0.0000            0.0000  (   0.00%)
combinational     58.9757           48.9096        4.2134e+03          112.0986  ( 100.00%)
--------------------------------------------------------------------------------------------------
Total             58.9757 uW        48.9096 uW     4.2134e+03 nW       112.0986 uW
1
