 
****************************************
Report : timing
        -path full
        -delay max
        -max_paths 1
Design : KMap_V3_Exp2_EmbeddedSchemeD
Version: O-2018.06-SP1
Date   : Sun Mar  8 13:42:29 2026
****************************************

Operating Conditions: typical   Library: NangateOpenCellLibrary
Wire Load Model Mode: top

  Startpoint: io_b[3] (input port)
  Endpoint: io_product[13]
            (output port)
  Path Group: (none)
  Path Type: max

  Des/Clust/Port     Wire Load Model       Library
  ------------------------------------------------
  KMap_V3_Exp2_EmbeddedSchemeD
                     5K_hvratio_1_1        NangateOpenCellLibrary

  Point                                    Incr       Path
  -----------------------------------------------------------
  input external delay                     0.00       0.00 r
  io_b[3] (in)                             0.00       0.00 r
  U75/ZN (INV_X1)                          0.02       0.02 f
  U76/ZN (AOI21_X1)                        0.12       0.14 r
  U184/ZN (AOI22_X1)                       0.06       0.20 f
  U185/ZN (NOR2_X1)                        0.07       0.28 r
  U186/ZN (AOI21_X1)                       0.04       0.31 f
  intadd_1/U13/CO (FA_X1)                  0.09       0.40 f
  intadd_1/U12/CO (FA_X1)                  0.09       0.49 f
  intadd_1/U11/CO (FA_X1)                  0.09       0.58 f
  intadd_1/U10/CO (FA_X1)                  0.09       0.67 f
  intadd_1/U9/CO (FA_X1)                   0.09       0.76 f
  intadd_1/U8/CO (FA_X1)                   0.09       0.85 f
  intadd_1/U7/CO (FA_X1)                   0.09       0.94 f
  intadd_1/U6/CO (FA_X1)                   0.09       1.04 f
  intadd_1/U5/CO (FA_X1)                   0.09       1.13 f
  intadd_1/U4/CO (FA_X1)                   0.09       1.22 f
  intadd_1/U3/CO (FA_X1)                   0.09       1.31 f
  intadd_1/U2/S (FA_X1)                    0.13       1.43 r
  io_product[13] (out)                     0.00       1.43 r
  data arrival time                                   1.43
  -----------------------------------------------------------
  (Path is unconstrained)


1
