 
****************************************
Report : area
Design : KMap_V3_Exp2_EmbeddedSchemeD
Version: O-2018.06-SP1
Date   : Sun Mar  8 13:42:29 2026
****************************************

Information: Updating design information... (UID-85)
Library(s) Used:

    NangateOpenCellLibrary (File: /home/ICer/approx_project/R4ABM2/nangate45/lib/NangateOpenCellLibrary_typical.db)

Number of ports:                           34
Number of nets:                           166
Number of cells:                          126
Number of combinational cells:            126
Number of sequential cells:                 0
Number of macros/black boxes:               0
Number of buf/inv:                         40
Number of references:                      13

Combinational area:                196.308002
Buf/Inv area:                       21.280000
Noncombinational area:               0.000000
Macro/Black Box area:                0.000000
Net Interconnect area:      undefined  (Wire load has zero net area)

Total cell area:                   196.308002
Total area:                 undefined
1
