 
****************************************
Report : area
Design : KMap_4Row_ZG_EmbeddedNeg_BARC
Version: O-2018.06-SP1
Date   : Wed Apr  1 21:02:13 2026
****************************************

Library(s) Used:

    NangateOpenCellLibrary (File: /home/ICer/approx_project/R4ABM2/nangate45/lib/NangateOpenCellLibrary_typical.db)

Number of ports:                           34
Number of nets:                           204
Number of cells:                          167
Number of combinational cells:            167
Number of sequential cells:                 0
Number of macros/black boxes:               0
Number of buf/inv:                         27
Number of references:                      19

Combinational area:                233.548001
Buf/Inv area:                       14.364000
Noncombinational area:               0.000000
Macro/Black Box area:                0.000000
Net Interconnect area:      undefined  (Wire load has zero net area)

Total cell area:                   233.548001
Total area:                 undefined

Hierarchical area distribution
------------------------------

                                  Global cell area          Local cell area
                                  ------------------  --------------------------- 
Hierarchical cell                 Absolute   Percent  Combi-    Noncombi-  Black-
                                  Total      Total    national  national   boxes   Design
--------------------------------  ---------  -------  --------  ---------  ------  ---------
KMap_4Row_ZG_EmbeddedNeg_BARC      233.5480    100.0  233.5480     0.0000  0.0000  KMap_4Row_ZG_EmbeddedNeg_BARC
--------------------------------  ---------  -------  --------  ---------  ------  ---------
Total                                                 233.5480     0.0000  0.0000

1
