 
****************************************
Report : reference
Design : KMap_1Row_Approx
Version: O-2018.06-SP1
Date   : Wed Apr  1 21:01:38 2026
****************************************

Attributes:
    b - black box (unknown)
   bo - allows boundary optimization
    d - dont_touch
   mo - map_only
    h - hierarchical
    n - noncombinational
    r - removable
    s - synthetic operator
    u - contains unmapped logic

Reference          Library       Unit Area   Count    Total Area   Attributes
-----------------------------------------------------------------------------
AND2_X1            NangateOpenCellLibrary
                                  1.064000       1      1.064000  
AND3_X1            NangateOpenCellLibrary
                                  1.330000       1      1.330000  
AOI22_X1           NangateOpenCellLibrary
                                  1.330000      32     42.560001  
ExactEncoder_0                    6.118000       1      6.118000  h
ExactEncoder_1                    6.118000       1      6.118000  h
ExactEncoder_2                    6.118000       1      6.118000  h
FA_X1              NangateOpenCellLibrary
                                  4.256000      18     76.608001  r
HA_X1              NangateOpenCellLibrary
                                  2.660000       6     15.960001  r
INV_X1             NangateOpenCellLibrary
                                  0.532000      24     12.768000  
MUX2_X1            NangateOpenCellLibrary
                                  1.862000      27     50.274000  
NAND2_X1           NangateOpenCellLibrary
                                  0.798000      20     15.960000  
NAND3_X1           NangateOpenCellLibrary
                                  1.064000       4      4.256000  
NOR2_X1            NangateOpenCellLibrary
                                  0.798000       7      5.586000  
OAI21_X1           NangateOpenCellLibrary
                                  1.064000       4      4.256000  
OR2_X1             NangateOpenCellLibrary
                                  1.064000       4      4.256000  
XNOR2_X1           NangateOpenCellLibrary
                                  1.596000       9     14.364000  
XOR2_X1            NangateOpenCellLibrary
                                  1.596000      11     17.556000  
-----------------------------------------------------------------------------
Total 17 references                                   285.152001
1
